[2026-05-18 03:22:24] InnerException: Invalid column name 'SourcePath'.
[2026-05-18 03:22:29] InnerException: Invalid column name 'SourcePath'.
[2026-05-18 04:34:06] C:\Users\2022\Music\ssshiiiiiiiiiiiii\Pathetic - dreamcore.mp3
[2026-05-18 04:34:09] C:\Users\2022\Music\ssshiiiiiiiiiiiii\Pathetic - dreamcore.mp3
[2026-05-18 04:34:36] C:\Users\2022\Music\ssshiiiiiiiiiiiii\Pathetic - dreamcore.mp3
[2026-05-18 04:40:54] C:\Users\2022\Music\ssshiiiiiiiiiiiii\Pathetic - dreamcore.mp3
[2026-05-18 20:35:15] C:\Users\2022\Music\ssshiiiiiiiiiiiii\Pathetic - dreamcore.mp3
[2026-05-18 20:40:51] shit = C:\Users\2022\Videos\NVIDIA\Jdk-19
[2026-05-18 20:41:05] shit = C:\Users\2022\Videos\NVIDIA\Jdk-19
[2026-05-18 21:07:36] shit = C:\Users\2022\Videos\NVIDIA\Jdk-19
[2026-05-18 21:11:25] shit = C:\Users\2022\Videos\NVIDIA\Jdk-19
[2026-05-18 21:13:20] C:\Users\2022\Music\ssshiiiiiiiiiiiii\Pathetic - dreamcore.mp3
[2026-05-18 21:13:22] shit = C:\Users\2022\Videos\NVIDIA\Jdk-19
[2026-05-18 23:37:24] C:\\Users\\2022\\source\\repos\\Hoshiko\\test-resources\\BAKER - MINDSET.mp3
[2026-05-18 23:37:28] C:\\Users\\2022\\source\\repos\\Hoshiko\\test-resources\\Ghostemane - Hexada.mp3
[2026-05-18 23:37:38] C:\\Users\\2022\\source\\repos\\Hoshiko\\test-resources\\Ghostemane - D(R)Own.mp3
[2026-05-18 23:41:38] MovieGenres: Count = 0
[2026-05-18 23:41:38] SeriesGenres: Count = 0
[2026-05-18 23:41:38] MusicGenres: Count = 6
[2026-05-18 23:42:46] MovieGenres: Count = 0
[2026-05-18 23:42:46] SeriesGenres: Count = 0
[2026-05-18 23:42:46] MusicGenres: Count = 6
[2026-05-18 23:43:22] MovieGenres: Count = 0
[2026-05-18 23:43:22] SeriesGenres: Count = 0
[2026-05-18 23:43:22] MusicGenres: Count = 6
[2026-05-18 23:49:28] MovieGenres: Count = 0
[2026-05-18 23:49:28] SeriesGenres: Count = 0
[2026-05-18 23:49:28] MusicGenres: Count = 6
[2026-05-18 23:50:21] MovieGenres: Count = 0
[2026-05-18 23:50:21] SeriesGenres: Count = 0
[2026-05-18 23:50:21] MusicGenres: Count = 6
[2026-05-18 23:51:53] MovieGenres: Count = 0
[2026-05-18 23:51:53] SeriesGenres: Count = 0
[2026-05-18 23:51:53] MusicGenres: Count = 6
[2026-05-18 23:53:01] MovieGenres: Count = 0
[2026-05-18 23:53:01] SeriesGenres: Count = 0
[2026-05-18 23:53:01] MusicGenres: Count = 6
[2026-05-18 23:53:28] C:\\Users\\2022\\source\\repos\\Hoshiko\\test-resources\\LXST CXNTURY, Kingpin Skinny Pimp - ODIUM.mp3
[2026-05-18 23:55:34] MovieGenres: Count = 0
[2026-05-18 23:55:34] SeriesGenres: Count = 0
[2026-05-18 23:55:34] MusicGenres: Count = 6
[2026-05-18 23:56:07] MovieGenres: Count = 0
[2026-05-18 23:56:07] SeriesGenres: Count = 0
[2026-05-18 23:56:07] MusicGenres: Count = 6
[2026-05-19 01:27:24] === Старт LoginExecute ===
[2026-05-19 01:27:24] Ошибка: parameter не является PasswordBox или равен null.
[2026-05-19 01:28:21] === Старт LoginExecute ===
[2026-05-19 01:28:21] Введённый логин: 'retgbre'
[2026-05-19 01:28:21] Пароль передан (символов): 6
[2026-05-19 01:28:21] Отправка запроса в _userController.Authenticate...
[2026-05-19 01:28:22] Провал авторизации: _userController вернул null (пользователь не найден или пароль неверен).
[2026-05-19 01:28:22] Конец LoginExecute. Текущий StatusText во ViewModel: 'Неверный логин или пароль.'
[2026-05-19 01:28:22] === Старт LoginExecute ===
[2026-05-19 01:28:22] Введённый логин: 'retgbre'
[2026-05-19 01:28:22] Пароль передан (символов): 6
[2026-05-19 01:28:22] Отправка запроса в _userController.Authenticate...
[2026-05-19 01:28:22] Провал авторизации: _userController вернул null (пользователь не найден или пароль неверен).
[2026-05-19 01:28:22] Конец LoginExecute. Текущий StatusText во ViewModel: 'Неверный логин или пароль.'
[2026-05-19 01:28:22] === Старт LoginExecute ===
[2026-05-19 01:28:22] Введённый логин: 'retgbre'
[2026-05-19 01:28:22] Пароль передан (символов): 6
[2026-05-19 01:28:22] Отправка запроса в _userController.Authenticate...
[2026-05-19 01:28:22] Провал авторизации: _userController вернул null (пользователь не найден или пароль неверен).
[2026-05-19 01:28:22] Конец LoginExecute. Текущий StatusText во ViewModel: 'Неверный логин или пароль.'
[2026-05-19 01:28:22] === Старт LoginExecute ===
[2026-05-19 01:28:22] Введённый логин: 'retgbre'
[2026-05-19 01:28:22] Пароль передан (символов): 6
[2026-05-19 01:28:22] Отправка запроса в _userController.Authenticate...
[2026-05-19 01:28:22] Провал авторизации: _userController вернул null (пользователь не найден или пароль неверен).
[2026-05-19 01:28:22] Конец LoginExecute. Текущий StatusText во ViewModel: 'Неверный логин или пароль.'
[2026-05-19 01:28:45] === Старт LoginExecute ===
[2026-05-19 01:28:45] Введённый логин: 'admin'
[2026-05-19 01:28:45] Пароль передан (символов): 18
[2026-05-19 01:28:45] Отправка запроса в _userController.Authenticate...
[2026-05-19 01:28:45] Успех! Найден пользователь: ID=1, Username='admin'
[2026-05-19 01:28:45] Конец LoginExecute. Текущий StatusText во ViewModel: 'Успешный вход! Добро пожаловать admin!'
[2026-05-19 01:31:50] === Старт LoginExecute ===
[2026-05-19 01:31:50] Введённый логин: 'tghbt'
[2026-05-19 01:31:50] Пароль передан (символов): 3
[2026-05-19 01:31:50] Отправка запроса в _userController.Authenticate...
[2026-05-19 01:31:52] Провал авторизации: _userController вернул null (пользователь не найден или пароль неверен).
[2026-05-19 01:31:52] Конец LoginExecute. Текущий StatusText во ViewModel: 'Неверный логин или пароль.'
[2026-05-19 01:31:52] === Конец LoginExecute ===
[2026-05-19 01:32:04] === Старт LoginExecute ===
[2026-05-19 01:32:04] Введённый логин: 'tghbt'
[2026-05-19 01:32:04] Пароль передан (символов): 3
[2026-05-19 01:32:04] Отправка запроса в _userController.Authenticate...
[2026-05-19 01:32:04] Провал авторизации: _userController вернул null (пользователь не найден или пароль неверен).
[2026-05-19 01:32:04] Конец LoginExecute. Текущий StatusText во ViewModel: 'Неверный логин или пароль.'
[2026-05-19 01:32:04] === Конец LoginExecute ===
[2026-05-19 01:32:10] === Старт LoginExecute ===
[2026-05-19 01:32:10] Введённый логин: 'admin'
[2026-05-19 01:32:10] Пароль передан (символов): 18
[2026-05-19 01:32:10] Отправка запроса в _userController.Authenticate...
[2026-05-19 01:32:10] Успех! Найден пользователь: ID=1, Username='admin'
[2026-05-19 01:32:10] MovieGenres: Count = 0
[2026-05-19 01:32:10] SeriesGenres: Count = 0
[2026-05-19 01:32:10] MusicGenres: Count = 6
[2026-05-19 01:32:10] Конец LoginExecute. Текущий StatusText во ViewModel: 'Успешный вход! Добро пожаловать admin!'
[2026-05-19 01:32:10] === Конец LoginExecute ===
[2026-05-19 01:34:19] === Старт LoginExecute ===
[2026-05-19 01:34:19] Введённый логин: 'prikol'
[2026-05-19 01:34:19] Пароль передан (символов): 3
[2026-05-19 01:34:19] Отправка запроса в _userController.Authenticate...
[2026-05-19 01:34:19] Провал авторизации: _userController вернул null (пользователь не найден или пароль неверен).
[2026-05-19 01:34:19] Конец LoginExecute. Текущий StatusText во ViewModel: 'Неверный логин или пароль.'
[2026-05-19 01:34:19] === Конец LoginExecute ===
[2026-05-19 01:34:21] === Старт LoginExecute ===
[2026-05-19 01:34:21] Введённый логин: 'prikol'
[2026-05-19 01:34:21] Пароль передан (символов): 6
[2026-05-19 01:34:21] Отправка запроса в _userController.Authenticate...
[2026-05-19 01:34:21] Успех! Найден пользователь: ID=2, Username='prikol'
[2026-05-19 01:34:21] MovieGenres: Count = 0
[2026-05-19 01:34:21] SeriesGenres: Count = 0
[2026-05-19 01:34:21] MusicGenres: Count = 6
[2026-05-19 01:34:21] Конец LoginExecute. Текущий StatusText во ViewModel: 'Успешный вход! Добро пожаловать prikol!'
[2026-05-19 01:34:21] === Конец LoginExecute ===
[2026-05-19 01:35:12] === Старт LoginExecute ===
[2026-05-19 01:35:12] Введённый логин: 'prikol'
[2026-05-19 01:35:12] Пароль передан (символов): 6
[2026-05-19 01:35:12] Отправка запроса в _userController.Authenticate...
[2026-05-19 01:35:14] Успех! Найден пользователь: ID=2, Username='prikol'
[2026-05-19 01:35:14] MovieGenres: Count = 0
[2026-05-19 01:35:14] SeriesGenres: Count = 0
[2026-05-19 01:35:14] MusicGenres: Count = 6
[2026-05-19 01:35:14] Конец LoginExecute. Текущий StatusText во ViewModel: 'Успешный вход! Добро пожаловать prikol!'
[2026-05-19 01:35:14] === Конец LoginExecute ===
[2026-05-19 01:35:57] === Старт LoginExecute ===
[2026-05-19 01:35:57] Введённый логин: 'хряк'
[2026-05-19 01:35:57] Пароль передан (символов): 6
[2026-05-19 01:35:57] Отправка запроса в _userController.Authenticate...
[2026-05-19 01:35:57] Успех! Найден пользователь: ID=3, Username='хряк'
[2026-05-19 01:35:57] MovieGenres: Count = 0
[2026-05-19 01:35:57] SeriesGenres: Count = 0
[2026-05-19 01:35:57] MusicGenres: Count = 6
[2026-05-19 01:35:57] Конец LoginExecute. Текущий StatusText во ViewModel: 'Успешный вход! Добро пожаловать хряк!'
[2026-05-19 01:35:57] === Конец LoginExecute ===
[2026-05-19 01:36:07] C:\\Users\\2022\\source\\repos\\Hoshiko\\test-resources\\BAKER - MINDSET.mp3
[2026-05-19 01:36:13] C:\\Users\\2022\\source\\repos\\Hoshiko\\test-resources\\BAKER - MINDSET.mp3
[2026-05-19 01:38:17] === Старт LoginExecute ===
[2026-05-19 01:38:17] Введённый логин: 'admin'
[2026-05-19 01:38:17] Пароль передан (символов): 18
[2026-05-19 01:38:17] Отправка запроса в _userController.Authenticate...
[2026-05-19 01:38:19] Успех! Найден пользователь: ID=1, Username='admin'
[2026-05-19 01:38:19] MovieGenres: Count = 0
[2026-05-19 01:38:19] SeriesGenres: Count = 0
[2026-05-19 01:38:19] MusicGenres: Count = 6
[2026-05-19 01:38:19] Конец LoginExecute. Текущий StatusText во ViewModel: 'Успешный вход! Добро пожаловать admin!'
[2026-05-19 01:38:19] === Конец LoginExecute ===
[2026-05-19 01:38:25] C:\\Users\\2022\\source\\repos\\Hoshiko\\test-resources\\LXST CXNTURY, Kingpin Skinny Pimp - ODIUM.mp3
[2026-05-19 01:38:52] === Старт LoginExecute ===
[2026-05-19 01:38:52] Введённый логин: 'admin'
[2026-05-19 01:38:52] Пароль передан (символов): 18
[2026-05-19 01:38:52] Отправка запроса в _userController.Authenticate...
[2026-05-19 01:38:53] Успех! Найден пользователь: ID=1, Username='admin'
[2026-05-19 01:38:53] MovieGenres: Count = 0
[2026-05-19 01:38:53] SeriesGenres: Count = 0
[2026-05-19 01:38:53] MusicGenres: Count = 6
[2026-05-19 01:38:53] Конец LoginExecute. Текущий StatusText во ViewModel: 'Успешный вход! Добро пожаловать admin!'
[2026-05-19 01:38:53] === Конец LoginExecute ===
[2026-05-19 01:51:53] === Старт LoginExecute ===
[2026-05-19 01:51:53] Введённый логин: 'хряк'
[2026-05-19 01:51:53] Пароль передан (символов): 6
[2026-05-19 01:51:53] Отправка запроса в _userController.Authenticate...
[2026-05-19 01:51:54] Успех! Найден пользователь: ID=3, Username='хряк'
[2026-05-19 01:51:54] MovieGenres: Count = 0
[2026-05-19 01:51:54] SeriesGenres: Count = 0
[2026-05-19 01:51:54] MusicGenres: Count = 6
[2026-05-19 01:51:54] FavoriteGenres: Count = 1 для пользователя хряк
[2026-05-19 01:51:54] Конец LoginExecute. Текущий StatusText во ViewModel: 'Успешный вход! Добро пожаловать хряк!'
[2026-05-19 01:51:54] === Конец LoginExecute ===
[2026-05-19 02:00:36] === Старт LoginExecute ===
[2026-05-19 02:00:36] Введённый логин: 'хряк'
[2026-05-19 02:00:36] Пароль передан (символов): 6
[2026-05-19 02:00:36] Отправка запроса в _userController.Authenticate...
[2026-05-19 02:00:38] Успех! Найден пользователь: ID=3, Username='хряк'
[2026-05-19 02:00:38] MovieGenres: Count = 0
[2026-05-19 02:00:38] SeriesGenres: Count = 0
[2026-05-19 02:00:38] MusicGenres: Count = 6
[2026-05-19 02:00:38] FavoriteGenres: Count = 1 для пользователя хряк
[2026-05-19 02:00:38] Конец LoginExecute. Текущий StatusText во ViewModel: 'Успешный вход! Добро пожаловать хряк!'
[2026-05-19 02:00:38] === Конец LoginExecute ===
[2026-05-19 02:00:41] Клик по списку [Музыка]: Выбран жанр 'Rap' (ID: 1)
[2026-05-19 02:00:41] Клик по списку [Музыка]: Выбран жанр 'Horrorcore' (ID: 6)
[2026-05-19 02:00:41] Клик по списку [Музыка]: Выбран жанр 'Cloud Rap' (ID: 3)
[2026-05-19 02:00:41] Клик по списку [Музыка]: Выбран жанр 'Industrial Hip Hop' (ID: 5)
[2026-05-19 02:00:42] Клик по списку [Музыка]: Выбран жанр 'Rap' (ID: 1)
[2026-05-19 02:06:25] === Старт LoginExecute ===
[2026-05-19 02:06:25] Введённый логин: 'хряк'
[2026-05-19 02:06:25] Пароль передан (символов): 6
[2026-05-19 02:06:25] Отправка запроса в _userController.Authenticate...
[2026-05-19 02:06:27] Успех! Найден пользователь: ID=3, Username='хряк'
[2026-05-19 02:06:27] MovieGenres: Count = 0
[2026-05-19 02:06:27] SeriesGenres: Count = 0
[2026-05-19 02:06:27] MusicGenres: Count = 6
[2026-05-19 02:06:27] FavoriteGenres: Count = 1 для пользователя хряк
[2026-05-19 02:06:27] Конец LoginExecute. Текущий StatusText во ViewModel: 'Успешный вход! Добро пожаловать хряк!'
[2026-05-19 02:06:27] === Конец LoginExecute ===
[2026-05-19 02:06:29] Клик по списку [Музыка]: Выбран жанр 'Horrorcore' (ID: 6)
[2026-05-19 02:06:45] === Старт LoginExecute ===
[2026-05-19 02:06:45] Введённый логин: 'хряк'
[2026-05-19 02:06:45] Пароль передан (символов): 6
[2026-05-19 02:06:45] Отправка запроса в _userController.Authenticate...
[2026-05-19 02:06:46] Успех! Найден пользователь: ID=3, Username='хряк'
[2026-05-19 02:06:46] MovieGenres: Count = 0
[2026-05-19 02:06:46] SeriesGenres: Count = 0
[2026-05-19 02:06:46] MusicGenres: Count = 6
[2026-05-19 02:06:46] FavoriteGenres: Count = 1 для пользователя хряк
[2026-05-19 02:06:46] Конец LoginExecute. Текущий StatusText во ViewModel: 'Успешный вход! Добро пожаловать хряк!'
[2026-05-19 02:06:46] === Конец LoginExecute ===
[2026-05-19 02:07:25] Клик по списку [Музыка]: Выбран жанр 'Horrorcore' (ID: 6)
[2026-05-19 02:07:28] Клик по списку [Избранное]: Выбран жанр 'Cloud Rap' (ID: 3)
[2026-05-19 02:07:29] Клик по списку [Музыка]: Выбран жанр 'Cloud Rap' (ID: 3)
[2026-05-19 02:07:29] Кнопка [Добавить]: Жанр 'Cloud Rap' (ID: 3) перенесен в избранное.
[2026-05-19 02:07:31] Клик по списку [Музыка]: Выбран жанр 'Dark Trap' (ID: 4)
[2026-05-19 02:09:01] === Старт LoginExecute ===
[2026-05-19 02:09:01] Введённый логин: 'хряк'
[2026-05-19 02:09:01] Пароль передан (символов): 6
[2026-05-19 02:09:01] Отправка запроса в _userController.Authenticate...
[2026-05-19 02:09:03] Успех! Найден пользователь: ID=3, Username='хряк'
[2026-05-19 02:09:03] MovieGenres: Count = 0
[2026-05-19 02:09:03] SeriesGenres: Count = 0
[2026-05-19 02:09:03] MusicGenres: Count = 6
[2026-05-19 02:09:03] FavoriteGenres: Count = 1 для пользователя хряк
[2026-05-19 02:09:03] Конец LoginExecute. Текущий StatusText во ViewModel: 'Успешный вход! Добро пожаловать хряк!'
[2026-05-19 02:09:03] === Конец LoginExecute ===
[2026-05-19 02:09:05] Клик по списку [Музыка]: Выбран жанр 'Dark Trap' (ID: 4)
[2026-05-19 02:10:40] === Старт LoginExecute ===
[2026-05-19 02:10:40] Введённый логин: 'хряк'
[2026-05-19 02:10:40] Пароль передан (символов): 0
[2026-05-19 02:10:40] Провал валидации. StatusText изменен на: 'Ошибка: Логин и пароль не могут быть пустыми!'
[2026-05-19 02:10:42] === Старт LoginExecute ===
[2026-05-19 02:10:42] Введённый логин: 'хряк'
[2026-05-19 02:10:42] Пароль передан (символов): 6
[2026-05-19 02:10:42] Отправка запроса в _userController.Authenticate...
[2026-05-19 02:10:43] Успех! Найден пользователь: ID=3, Username='хряк'
[2026-05-19 02:10:43] MovieGenres: Count = 0
[2026-05-19 02:10:43] SeriesGenres: Count = 0
[2026-05-19 02:10:43] MusicGenres: Count = 6
[2026-05-19 02:10:43] FavoriteGenres: Count = 1 для пользователя хряк
[2026-05-19 02:10:43] Конец LoginExecute. Текущий StatusText во ViewModel: 'Успешный вход! Добро пожаловать хряк!'
[2026-05-19 02:10:43] === Конец LoginExecute ===
[2026-05-19 02:10:45] Клик по списку [Музыка]: Выбран жанр 'Rap' (ID: 1)
[2026-05-19 02:10:46] Кнопка [Добавить]: Жанр 'Rap' (ID: 1) перенесен в избранное.
[2026-05-19 02:10:49] Клик по списку [Избранное]: Выбран жанр 'Cloud Rap' (ID: 3)
[2026-05-19 02:10:50] Кнопка [Удалить]: Жанр 'Cloud Rap' (ID: 3) удален из локального избранного.
[2026-05-19 02:10:58] === Старт LoginExecute ===
[2026-05-19 02:10:58] Введённый логин: 'хряк'
[2026-05-19 02:10:58] Пароль передан (символов): 6
[2026-05-19 02:10:58] Отправка запроса в _userController.Authenticate...
[2026-05-19 02:11:00] Успех! Найден пользователь: ID=3, Username='хряк'
[2026-05-19 02:11:00] MovieGenres: Count = 0
[2026-05-19 02:11:00] SeriesGenres: Count = 0
[2026-05-19 02:11:00] MusicGenres: Count = 6
[2026-05-19 02:11:00] FavoriteGenres: Count = 1 для пользователя хряк
[2026-05-19 02:11:00] Конец LoginExecute. Текущий StatusText во ViewModel: 'Успешный вход! Добро пожаловать хряк!'
[2026-05-19 02:11:00] === Конец LoginExecute ===
[2026-05-19 02:11:02] Клик по списку [Избранное]: Выбран жанр 'Rap' (ID: 1)
[2026-05-19 02:11:03] Клик по списку [Музыка]: Выбран жанр 'Trap' (ID: 2)
[2026-05-19 02:11:04] Клик по списку [Музыка]: Выбран жанр 'Rap' (ID: 1)
[2026-05-19 02:11:04] Клик по списку [Музыка]: Выбран жанр 'Horrorcore' (ID: 6)
[2026-05-19 02:11:04] Клик по списку [Музыка]: Выбран жанр 'Cloud Rap' (ID: 3)
[2026-05-19 02:11:05] Клик по списку [Музыка]: Выбран жанр 'Industrial Hip Hop' (ID: 5)
[2026-05-19 03:01:31] === Старт LoginExecute ===
[2026-05-19 03:01:31] Введённый логин: 'хряк'
[2026-05-19 03:01:31] Пароль передан (символов): 6
[2026-05-19 03:01:31] Отправка запроса в _userController.Authenticate...
[2026-05-19 03:01:32] Успех! Найден пользователь: ID=3, Username='хряк'
[2026-05-19 03:01:32] MovieGenres: Count = 0
[2026-05-19 03:01:32] SeriesGenres: Count = 0
[2026-05-19 03:01:32] MusicGenres: Count = 6
[2026-05-19 03:01:32] FavoriteGenres: Count = 1 для пользователя хряк
[2026-05-19 03:01:33] Конец LoginExecute. Текущий StatusText во ViewModel: 'Успешный вход! Добро пожаловать хряк!'
[2026-05-19 03:01:33] === Конец LoginExecute ===
[2026-05-19 03:03:39] === Старт LoginExecute ===
[2026-05-19 03:03:39] Введённый логин: 'хряк'
[2026-05-19 03:03:39] Пароль передан (символов): 6
[2026-05-19 03:03:39] Отправка запроса в _userController.Authenticate...
[2026-05-19 03:03:41] Успех! Найден пользователь: ID=3, Username='хряк'
[2026-05-19 03:03:41] MovieGenres: Count = 0
[2026-05-19 03:03:41] SeriesGenres: Count = 0
[2026-05-19 03:03:41] MusicGenres: Count = 6
[2026-05-19 03:03:41] FavoriteGenres: Count = 1 для пользователя хряк
[2026-05-19 03:03:41] Конец LoginExecute. Текущий StatusText во ViewModel: 'Успешный вход! Добро пожаловать хряк!'
[2026-05-19 03:03:41] === Конец LoginExecute ===
[2026-05-19 03:10:11] === Старт LoginExecute ===
[2026-05-19 03:10:11] Введённый логин: 'хряк'
[2026-05-19 03:10:11] Пароль передан (символов): 6
[2026-05-19 03:10:11] Отправка запроса в _userController.Authenticate...
[2026-05-19 03:10:12] Успех! Найден пользователь: ID=3, Username='хряк'
[2026-05-19 03:10:13] MovieGenres: Count = 0
[2026-05-19 03:10:13] SeriesGenres: Count = 0
[2026-05-19 03:10:13] MusicGenres: Count = 6
[2026-05-19 03:10:13] FavoriteGenres: Count = 1 для пользователя хряк
[2026-05-19 03:10:13] === Старт загрузки медиа-рекомендаций ===
[2026-05-19 03:10:13] Найдено любимых жанров в профиле: 1
[2026-05-19 03:10:13] Загружено музыкальных рекомендаций: 1
[2026-05-19 03:10:13] Загружено рекомендаций фильмов: 0
[2026-05-19 03:10:13] Загружено рекомендаций сериалов: 0
[2026-05-19 03:10:13] === Все рекомендации успешно обновлены ===
[2026-05-19 03:10:13] Конец LoginExecute. Текущий StatusText во ViewModel: 'Успешный вход! Добро пожаловать хряк!'
[2026-05-19 03:10:13] === Конец LoginExecute ===
[2026-05-19 03:10:16] C:\\Users\\2022\\source\\repos\\Hoshiko\\test-resources\\BAKER - MINDSET.mp3
[2026-05-19 03:10:23] C:\\Users\\2022\\source\\repos\\Hoshiko\\test-resources\\Freddie Dredd - WTH.mp3
[2026-05-19 03:10:31] C:\\Users\\2022\\source\\repos\\Hoshiko\\test-resources\\DVRST - Scape.mp3
[2026-05-19 03:11:30] === Старт LoginExecute ===
[2026-05-19 03:11:30] Введённый логин: 'хряк'
[2026-05-19 03:11:30] Пароль передан (символов): 6
[2026-05-19 03:11:30] Отправка запроса в _userController.Authenticate...
[2026-05-19 03:11:31] Успех! Найден пользователь: ID=3, Username='хряк'
[2026-05-19 03:11:31] MovieGenres: Count = 0
[2026-05-19 03:11:31] SeriesGenres: Count = 0
[2026-05-19 03:11:31] MusicGenres: Count = 6
[2026-05-19 03:11:31] FavoriteGenres: Count = 1 для пользователя хряк
[2026-05-19 03:11:31] === Старт загрузки медиа-рекомендаций ===
[2026-05-19 03:11:31] Найдено любимых жанров в профиле: 1
[2026-05-19 03:11:31] Загружено музыкальных рекомендаций: 1
[2026-05-19 03:11:31] Загружено рекомендаций фильмов: 0
[2026-05-19 03:11:31] Загружено рекомендаций сериалов: 0
[2026-05-19 03:11:31] === Все рекомендации успешно обновлены ===
[2026-05-19 03:11:31] Конец LoginExecute. Текущий StatusText во ViewModel: 'Успешный вход! Добро пожаловать хряк!'
[2026-05-19 03:11:31] === Конец LoginExecute ===
[2026-05-19 03:11:34] Клик по списку [Избранное]: Выбран жанр 'Rap' (ID: 1)
[2026-05-19 03:11:44] Клик по списку [Музыка]: Выбран жанр 'Dark Trap' (ID: 4)
[2026-05-19 03:11:45] Кнопка [Добавить]: Жанр 'Dark Trap' (ID: 4) перенесен в избранное.
[2026-05-19 03:11:45] Клик по списку [Музыка]: Выбран жанр 'Rap' (ID: 1)
[2026-05-19 03:11:47] Клик по списку [Музыка]: Выбран жанр 'Trap' (ID: 2)
[2026-05-19 03:11:48] Кнопка [Добавить]: Жанр 'Trap' (ID: 2) перенесен в избранное.
[2026-05-19 03:11:48] Клик по списку [Музыка]: Выбран жанр 'Rap' (ID: 1)
[2026-05-19 03:11:49] Кнопка [Добавить]: Жанр 'Rap' (ID: 1) перенесен в избранное.
[2026-05-19 03:11:50] Клик по списку [Музыка]: Выбран жанр 'Industrial Hip Hop' (ID: 5)
[2026-05-19 03:11:50] Клик по списку [Музыка]: Выбран жанр 'Horrorcore' (ID: 6)
[2026-05-19 03:11:51] Клик по списку [Музыка]: Выбран жанр 'Dark Trap' (ID: 4)
[2026-05-19 03:11:51] Клик по списку [Музыка]: Выбран жанр 'Cloud Rap' (ID: 3)
[2026-05-19 03:11:52] Кнопка [Добавить]: Жанр 'Cloud Rap' (ID: 3) перенесен в избранное.
[2026-05-19 03:12:44] === Старт LoginExecute ===
[2026-05-19 03:12:44] Введённый логин: 'хряк'
[2026-05-19 03:12:44] Пароль передан (символов): 6
[2026-05-19 03:12:44] Отправка запроса в _userController.Authenticate...
[2026-05-19 03:12:45] Успех! Найден пользователь: ID=3, Username='хряк'
[2026-05-19 03:12:45] MovieGenres: Count = 0
[2026-05-19 03:12:45] SeriesGenres: Count = 0
[2026-05-19 03:12:45] MusicGenres: Count = 6
[2026-05-19 03:12:45] FavoriteGenres: Count = 4 для пользователя хряк
[2026-05-19 03:12:45] === Старт загрузки медиа-рекомендаций ===
[2026-05-19 03:12:45] Найдено любимых жанров в профиле: 4
[2026-05-19 03:12:45] Загружено музыкальных рекомендаций: 6
[2026-05-19 03:12:45] Загружено рекомендаций фильмов: 0
[2026-05-19 03:12:45] Загружено рекомендаций сериалов: 0
[2026-05-19 03:12:45] === Все рекомендации успешно обновлены ===
[2026-05-19 03:12:45] Конец LoginExecute. Текущий StatusText во ViewModel: 'Успешный вход! Добро пожаловать хряк!'
[2026-05-19 03:12:45] === Конец LoginExecute ===
[2026-05-19 03:12:53] Клик по списку [Избранное]: Выбран жанр 'Dark Trap' (ID: 4)
[2026-05-19 03:12:54] Клик по списку [Избранное]: Выбран жанр 'Rap' (ID: 1)
[2026-05-19 03:12:54] Кнопка [Удалить]: Жанр 'Rap' (ID: 1) удален из локального избранного.
[2026-05-19 03:12:55] === Старт загрузки медиа-рекомендаций ===
[2026-05-19 03:12:55] Найдено любимых жанров в профиле: 3
[2026-05-19 03:12:55] Загружено музыкальных рекомендаций: 5
[2026-05-19 03:12:55] Загружено рекомендаций фильмов: 0
[2026-05-19 03:12:55] Загружено рекомендаций сериалов: 0
[2026-05-19 03:12:55] === Все рекомендации успешно обновлены ===
[2026-05-19 03:12:55] Клик по списку [Избранное]: Выбран жанр 'Cloud Rap' (ID: 3)
[2026-05-19 03:12:56] Кнопка [Удалить]: Жанр 'Cloud Rap' (ID: 3) удален из локального избранного.
[2026-05-19 03:12:56] === Старт загрузки медиа-рекомендаций ===
[2026-05-19 03:12:56] Найдено любимых жанров в профиле: 2
[2026-05-19 03:12:56] Загружено музыкальных рекомендаций: 4
[2026-05-19 03:12:56] Загружено рекомендаций фильмов: 0
[2026-05-19 03:12:56] Загружено рекомендаций сериалов: 0
[2026-05-19 03:12:56] === Все рекомендации успешно обновлены ===
[2026-05-19 03:12:59] C:\\Users\\2022\\source\\repos\\Hoshiko\\test-resources\\DVRST - Scape.mp3
[2026-05-19 03:13:04] C:\\Users\\2022\\source\\repos\\Hoshiko\\test-resources\\$uicideboy$ - I'm Done.mp3
[2026-05-19 03:14:48] === Старт LoginExecute ===
[2026-05-19 03:14:48] Введённый логин: 'хряк'
[2026-05-19 03:14:48] Пароль передан (символов): 6
[2026-05-19 03:14:48] Отправка запроса в _userController.Authenticate...
[2026-05-19 03:14:49] Успех! Найден пользователь: ID=3, Username='хряк'
[2026-05-19 03:14:49] MovieGenres: Count = 7
[2026-05-19 03:14:49] SeriesGenres: Count = 6
[2026-05-19 03:14:49] MusicGenres: Count = 6
[2026-05-19 03:14:49] FavoriteGenres: Count = 2 для пользователя хряк
[2026-05-19 03:14:49] === Старт загрузки медиа-рекомендаций ===
[2026-05-19 03:14:49] Найдено любимых жанров в профиле: 2
[2026-05-19 03:14:49] Загружено музыкальных рекомендаций: 4
[2026-05-19 03:14:49] Загружено рекомендаций фильмов: 0
[2026-05-19 03:14:49] Загружено рекомендаций сериалов: 0
[2026-05-19 03:14:49] === Все рекомендации успешно обновлены ===
[2026-05-19 03:14:49] Конец LoginExecute. Текущий StatusText во ViewModel: 'Успешный вход! Добро пожаловать хряк!'
[2026-05-19 03:14:49] === Конец LoginExecute ===
[2026-05-19 03:14:50] Клик по списку [Сериалы]: Выбран жанр 'Дорама' (ID: 15)
[2026-05-19 03:14:51] Клик по списку [Сериалы]: Выбран жанр 'Ситком' (ID: 16)
[2026-05-19 03:14:51] Клик по списку [Фильмы]: Выбран жанр 'Ужасы' (ID: 10)
[2026-05-19 03:14:51] Клик по списку [Сериалы]: Выбран жанр 'Фэнтези' (ID: 18)
[2026-05-19 03:14:52] Клик по списку [Фильмы]: Выбран жанр 'Драма' (ID: 11)
[2026-05-19 03:14:52] Клик по списку [Сериалы]: Выбран жанр 'Документальный' (ID: 19)
[2026-05-19 03:14:52] Клик по списку [Сериалы]: Выбран жанр 'Ситком' (ID: 16)
[2026-05-19 03:14:53] Клик по списку [Сериалы]: Выбран жанр 'Документальный' (ID: 19)
[2026-05-19 03:14:53] Клик по списку [Фильмы]: Выбран жанр 'Драма' (ID: 11)
[2026-05-19 03:14:59] Кнопка [Добавить]: Жанр 'Драма' (ID: 11) перенесен в избранное.
[2026-05-19 03:14:59] === Старт загрузки медиа-рекомендаций ===
[2026-05-19 03:14:59] Найдено любимых жанров в профиле: 3
[2026-05-19 03:14:59] Загружено музыкальных рекомендаций: 4
[2026-05-19 03:14:59] Загружено рекомендаций фильмов: 0
[2026-05-19 03:14:59] Загружено рекомендаций сериалов: 0
[2026-05-19 03:14:59] === Все рекомендации успешно обновлены ===
[2026-05-19 03:14:59] Клик по списку [Сериалы]: Выбран жанр 'Мультсериал' (ID: 17)
[2026-05-19 03:15:00] Кнопка [Добавить]: Жанр 'Мультсериал' (ID: 17) перенесен в избранное.
[2026-05-19 03:15:00] === Старт загрузки медиа-рекомендаций ===
[2026-05-19 03:15:00] Найдено любимых жанров в профиле: 4
[2026-05-19 03:15:00] Загружено музыкальных рекомендаций: 4
[2026-05-19 03:15:00] Загружено рекомендаций фильмов: 0
[2026-05-19 03:15:00] Загружено рекомендаций сериалов: 0
[2026-05-19 03:15:00] === Все рекомендации успешно обновлены ===
[2026-05-19 03:15:00] Клик по списку [Фильмы]: Выбран жанр 'Детектив' (ID: 13)
[2026-05-19 03:15:01] Клик по списку [Сериалы]: Выбран жанр 'Дорама' (ID: 15)
[2026-05-19 03:15:01] Клик по списку [Сериалы]: Выбран жанр 'Аниме' (ID: 14)
[2026-05-19 03:15:02] Кнопка [Добавить]: Жанр 'Аниме' (ID: 14) перенесен в избранное.
[2026-05-19 03:15:02] === Старт загрузки медиа-рекомендаций ===
[2026-05-19 03:15:02] Найдено любимых жанров в профиле: 5
[2026-05-19 03:15:02] Загружено музыкальных рекомендаций: 4
[2026-05-19 03:15:02] Загружено рекомендаций фильмов: 0
[2026-05-19 03:15:02] Загружено рекомендаций сериалов: 0
[2026-05-19 03:15:02] === Все рекомендации успешно обновлены ===
[2026-05-19 03:15:09] Клик по списку [Избранное]: Выбран жанр 'Dark Trap' (ID: 4)
[2026-05-19 03:15:09] Клик по списку [Избранное]: Выбран жанр 'Trap' (ID: 2)
[2026-05-19 03:26:25] === Старт LoginExecute ===
[2026-05-19 03:26:25] Введённый логин: 'хряк'
[2026-05-19 03:26:25] Пароль передан (символов): 6
[2026-05-19 03:26:25] Отправка запроса в _userController.Authenticate...
[2026-05-19 03:26:27] Успех! Найден пользователь: ID=3, Username='хряк'
[2026-05-19 03:26:27] MovieGenres: Count = 7
[2026-05-19 03:26:27] SeriesGenres: Count = 6
[2026-05-19 03:26:27] MusicGenres: Count = 6
[2026-05-19 03:26:27] FavoriteGenres: Count = 5 для пользователя хряк
[2026-05-19 03:26:27] === Старт загрузки медиа-рекомендаций ===
[2026-05-19 03:26:27] Найдено любимых жанров в профиле: 5
[2026-05-19 03:26:27] Загружено музыкальных рекомендаций: 4
[2026-05-19 03:26:27] Загружено рекомендаций фильмов: 0
[2026-05-19 03:26:27] Загружено рекомендаций сериалов: 1
[2026-05-19 03:26:27] === Все рекомендации успешно обновлены ===
[2026-05-19 03:26:27] Конец LoginExecute. Текущий StatusText во ViewModel: 'Успешный вход! Добро пожаловать хряк!'
[2026-05-19 03:26:27] === Конец LoginExecute ===
[2026-05-19 03:26:49] shit = C:\Users\2022\source\repos\Hoshiko\test-resources\
[2026-05-19 03:27:07] C:\\Users\\2022\\source\\repos\\Hoshiko\\test-resources\\DVRST_-_Close_Eyes_73006469.mp3
[2026-05-19 03:27:23] C:\\Users\\2022\\source\\repos\\Hoshiko\\test-resources\\Ghostemane - Venom.mp3
[2026-05-19 03:27:34] Клик по списку [Избранное]: Выбран жанр 'Dark Trap' (ID: 4)
[2026-05-19 03:27:34] Клик по списку [Избранное]: Выбран жанр 'Аниме' (ID: 14)
[2026-05-19 03:32:51] === Старт LoginExecute ===
[2026-05-19 03:32:51] Введённый логин: 'хряк'
[2026-05-19 03:32:51] Пароль передан (символов): 6
[2026-05-19 03:32:51] Отправка запроса в _userController.Authenticate...
[2026-05-19 03:32:52] Успех! Найден пользователь: ID=3, Username='хряк'
[2026-05-19 03:32:52] MovieGenres: Count = 7
[2026-05-19 03:32:52] SeriesGenres: Count = 6
[2026-05-19 03:32:52] MusicGenres: Count = 6
[2026-05-19 03:32:52] FavoriteGenres: Count = 5 для пользователя хряк
[2026-05-19 03:32:52] === Старт загрузки медиа-рекомендаций ===
[2026-05-19 03:32:52] Найдено любимых жанров в профиле: 5
[2026-05-19 03:32:52] Загружено музыкальных рекомендаций: 4
[2026-05-19 03:32:52] Загружено рекомендаций фильмов: 1
[2026-05-19 03:32:52] Загружено рекомендаций сериалов: 1
[2026-05-19 03:32:52] === Все рекомендации успешно обновлены ===
[2026-05-19 03:32:52] Конец LoginExecute. Текущий StatusText во ViewModel: 'Успешный вход! Добро пожаловать хряк!'
[2026-05-19 03:32:52] === Конец LoginExecute ===
[2026-05-19 03:35:22] === Старт LoginExecute ===
[2026-05-19 03:35:22] Введённый логин: 'хряк'
[2026-05-19 03:35:22] Пароль передан (символов): 6
[2026-05-19 03:35:22] Отправка запроса в _userController.Authenticate...
[2026-05-19 03:35:23] Успех! Найден пользователь: ID=3, Username='хряк'
[2026-05-19 03:35:23] MovieGenres: Count = 7
[2026-05-19 03:35:23] SeriesGenres: Count = 6
[2026-05-19 03:35:23] MusicGenres: Count = 6
[2026-05-19 03:35:23] FavoriteGenres: Count = 5 для пользователя хряк
[2026-05-19 03:35:23] === Старт загрузки медиа-рекомендаций ===
[2026-05-19 03:35:23] Найдено любимых жанров в профиле: 5
[2026-05-19 03:35:23] Загружено музыкальных рекомендаций: 4
[2026-05-19 03:35:23] Загружено рекомендаций фильмов: 1
[2026-05-19 03:35:23] Загружено рекомендаций сериалов: 1
[2026-05-19 03:35:23] === Все рекомендации успешно обновлены ===
[2026-05-19 03:35:23] Конец LoginExecute. Текущий StatusText во ViewModel: 'Успешный вход! Добро пожаловать хряк!'
[2026-05-19 03:35:23] === Конец LoginExecute ===
[2026-05-19 03:35:27] shit = C:\Users\2022\source\repos\Hoshiko\test-resources\
[2026-05-19 03:35:31] shit = C:\Users\2022\source\repos\Hoshiko\test-resources\
[2026-05-19 03:35:33] shit = C:\Users\2022\source\repos\Hoshiko\test-resources\
[2026-05-19 03:35:45] C:\\Users\\2022\\source\\repos\\Hoshiko\\test-resources\\$uicideboy$, Getter - Stop Calling Us Horrorcore.mp3
